// Jest Snapshot v1, https://goo.gl/fbAQLP

exports[`should render the expense dashboard page 1`] = `
<div>
  <JumbotronBanner />
  <ItemBanner />
  <FrontPageItems />
  <News />
  <PageEnd />
</div>
`;
